 CUDA_VISIBLE_DEVICES="1" python -s  diag/train_with_diag.py --config exps/imagenet-r.yaml --init_cls 0 --increment 20 --seed 1993
[diag] Loading the pretrained model from timm...
[diag-train] dataset=imagenetr num_tasks=10 increments=[20, 20, 20]...[20, 20]
[diag-train] Task 1/10 (classes 0-19) training ...
Task 1, Epoch 20/20 => Loss 0.433, Train_accy 88.51: 100%|████████████████████████████████████████████████████████████████████████████████████████████████████████████████████████████████████████████████████████████████████████████████████████████| 20/20 [08:00<00:00, 24.04s/it]
[diag] Task 1, Epoch 20/20 => Loss 0.433, Train_accy 88.51
[diag] Merge method: average
Extracting prototype from PTM =>: 100%|█████████████████████████████████████████████████████████████████████████████████████████████████████████████████████████████████████████████████████████████████████████████████████████████████████████████| 175/175 [00:12<00:00, 13.63it/s]
Eval =>: 100%|████████████████████████████████████████████████████████████████████████████████████████████████████████████████████████████████████████████████████████████████████████████████████████████████████████████████████████████████████████| 45/45 [00:03<00:00, 14.33it/s]
[diag] Task correct: 100.0
[diag] Task acc: 93.22033898305085
[diag-train] Task 1 official top-1 (all seen classes): 93.22
  [diag] task  1: A_sep= 93.36 A_route= 93.36 (R=100.00) A_merge= 93.22 A_tid= 93.22 A_fresh=93.36 overlap=nan barrier=nan
[diag-train] Task 2/10 (classes 20-39) training ...
Task 2, Epoch 20/20 => Loss 0.473, Train_accy 87.20: 100%|████████████████████████████████████████████████████████████████████████████████████████████████████████████████████████████████████████████████████████████████████████████████████████████| 20/20 [07:17<00:00, 21.87s/it]
[diag] Task 2, Epoch 20/20 => Loss 0.473, Train_accy 87.20
[diag] Merge method: average
Extracting prototype from PTM =>: 100%|█████████████████████████████████████████████████████████████████████████████████████████████████████████████████████████████████████████████████████████████████████████████████████████████████████████████| 160/160 [00:11<00:00, 13.96it/s]
Extracting prototype from PTM =>: 100%|█████████████████████████████████████████████████████████████████████████████████████████████████████████████████████████████████████████████████████████████████████████████████████████████████████████████| 160/160 [00:38<00:00,  4.20it/s]
Eval =>: 100%|████████████████████████████████████████████████████████████████████████████████████████████████████████████████████████████████████████████████████████████████████████████████████████████████████████████████████████████████████████| 85/85 [00:06<00:00, 12.49it/s]
[diag] Task correct: 92.84132841328413
[diag] Task acc: 90.7011070110701
[diag-train] Task 2 official top-1 (all seen classes): 87.45
  [diag] task  2: A_sep= 90.57 A_route= 87.79 (R=93.51) A_merge= 88.56 A_tid= 90.57 A_fresh=87.17 overlap=0.268 barrier=0.0
[diag-train] Task 3/10 (classes 40-59) training ...
Task 3, Epoch 20/20 => Loss 0.463, Train_accy 88.31: 100%|████████████████████████████████████████████████████████████████████████████████████████████████████████████████████████████████████████████████████████████████████████████████████████████| 20/20 [06:44<00:00, 20.20s/it]
[diag] Task 3, Epoch 20/20 => Loss 0.463, Train_accy 88.31
[diag] Merge method: average
Extracting prototype from PTM =>: 100%|█████████████████████████████████████████████████████████████████████████████████████████████████████████████████████████████████████████████████████████████████████████████████████████████████████████████| 148/148 [00:10<00:00, 13.64it/s]
Extracting prototype from PTM =>: 100%|█████████████████████████████████████████████████████████████████████████████████████████████████████████████████████████████████████████████████████████████████████████████████████████████████████████████| 148/148 [00:48<00:00,  3.06it/s]
Extracting prototype from PTM =>: 100%|█████████████████████████████████████████████████████████████████████████████████████████████████████████████████████████████████████████████████████████████████████████████████████████████████████████████| 148/148 [00:10<00:00, 13.89it/s]
Eval =>: 100%|██████████████████████████████████████████████████████████████████████████████████████████████████████████████████████████████████████████████████████████████████████████████████████████████████████████████████████████████████████| 122/122 [00:50<00:00,  2.40it/s]
[diag] Task correct: 88.26242952332137
[diag] Task acc: 89.13377754997437
[diag-train] Task 3 official top-1 (all seen classes): 83.24
  [diag] task  3: A_sep= 88.42 A_route= 81.38 (R=86.41) A_merge= 82.21 A_tid= 86.41 A_fresh=80.37 overlap=0.306 barrier=0.0
[diag-train] Task 4/10 (classes 60-79) training ...
Task 4, Epoch 20/20 => Loss 0.493, Train_accy 87.79: 100%|████████████████████████████████████████████████████████████████████████████████████████████████████████████████████████████████████████████████████████████████████████████████████████████| 20/20 [06:34<00:00, 19.73s/it]
[diag] Task 4, Epoch 20/20 => Loss 0.493, Train_accy 87.79
[diag] Merge method: average
Extracting prototype from PTM =>: 100%|█████████████████████████████████████████████████████████████████████████████████████████████████████████████████████████████████████████████████████████████████████████████████████████████████████████████| 143/143 [00:10<00:00, 14.30it/s]
Extracting prototype from PTM =>: 100%|█████████████████████████████████████████████████████████████████████████████████████████████████████████████████████████████████████████████████████████████████████████████████████████████████████████████| 143/143 [00:10<00:00, 13.40it/s]
Extracting prototype from PTM =>: 100%|█████████████████████████████████████████████████████████████████████████████████████████████████████████████████████████████████████████████████████████████████████████████████████████████████████████████| 143/143 [00:50<00:00,  2.81it/s]
Extracting prototype from PTM =>: 100%|█████████████████████████████████████████████████████████████████████████████████████████████████████████████████████████████████████████████████████████████████████████████████████████████████████████████| 143/143 [00:53<00:00,  2.67it/s]
Eval =>: 100%|██████████████████████████████████████████████████████████████████████████████████████████████████████████████████████████████████████████████████████████████████████████████████████████████████████████████████████████████████████| 159/159 [00:12<00:00, 13.21it/s]
[diag] Task correct: 84.78260869565217
[diag] Task acc: 88.85375494071147
[diag-train] Task 4 official top-1 (all seen classes): 80.36
  [diag] task  4: A_sep= 92.40 A_route= 82.73 (R=84.63) A_merge= 82.73 A_tid= 89.98 A_fresh=80.83 overlap=0.324 barrier=0.0
[diag-train] Task 5/10 (classes 80-99) training ...
Task 5, Epoch 20/20 => Loss 0.482, Train_accy 87.84: 100%|████████████████████████████████████████████████████████████████████████████████████████████████████████████████████████████████████████████████████████████████████████████████████████████| 20/20 [06:07<00:00, 18.39s/it]
[diag] Task 5, Epoch 20/20 => Loss 0.482, Train_accy 87.84
[diag] Merge method: average
Extracting prototype from PTM =>: 100%|█████████████████████████████████████████████████████████████████████████████████████████████████████████████████████████████████████████████████████████████████████████████████████████████████████████████| 133/133 [00:09<00:00, 13.35it/s]
Extracting prototype from PTM =>: 100%|█████████████████████████████████████████████████████████████████████████████████████████████████████████████████████████████████████████████████████████████████████████████████████████████████████████████| 133/133 [00:09<00:00, 13.59it/s]
Extracting prototype from PTM =>: 100%|█████████████████████████████████████████████████████████████████████████████████████████████████████████████████████████████████████████████████████████████████████████████████████████████████████████████| 133/133 [00:51<00:00,  2.59it/s]
Extracting prototype from PTM =>: 100%|█████████████████████████████████████████████████████████████████████████████████████████████████████████████████████████████████████████████████████████████████████████████████████████████████████████████| 133/133 [00:09<00:00, 13.38it/s]
Extracting prototype from PTM =>: 100%|█████████████████████████████████████████████████████████████████████████████████████████████████████████████████████████████████████████████████████████████████████████████████████████████████████████████| 133/133 [00:51<00:00,  2.59it/s]
Eval =>: 100%|██████████████████████████████████████████████████████████████████████████████████████████████████████████████████████████████████████████████████████████████████████████████████████████████████████████████████████████████████████| 192/192 [00:56<00:00,  3.37it/s]
[diag] Task correct: 81.73233474438294
[diag] Task acc: 88.34255942689677
[diag-train] Task 5 official top-1 (all seen classes): 78.15
  [diag] task  5: A_sep= 87.25 A_route= 79.11 (R=82.99) A_merge= 79.11 A_tid= 87.62 A_fresh=77.63 overlap=0.329 barrier=0.0
[diag-train] Task 6/10 (classes 100-119) training ...
Task 6, Epoch 20/20 => Loss 0.467, Train_accy 87.60: 100%|████████████████████████████████████████████████████████████████████████████████████████████████████████████████████████████████████████████████████████████████████████████████████████████| 20/20 [07:35<00:00, 22.77s/it]
[diag] Task 6, Epoch 20/20 => Loss 0.467, Train_accy 87.60
[diag] Merge method: average
Extracting prototype from PTM =>: 100%|█████████████████████████████████████████████████████████████████████████████████████████████████████████████████████████████████████████████████████████████████████████████████████████████████████████████| 166/166 [00:12<00:00, 13.42it/s]
Extracting prototype from PTM =>: 100%|█████████████████████████████████████████████████████████████████████████████████████████████████████████████████████████████████████████████████████████████████████████████████████████████████████████████| 166/166 [00:38<00:00,  4.35it/s]
Extracting prototype from PTM =>: 100%|█████████████████████████████████████████████████████████████████████████████████████████████████████████████████████████████████████████████████████████████████████████████████████████████████████████████| 166/166 [00:12<00:00, 13.71it/s]
Extracting prototype from PTM =>: 100%|█████████████████████████████████████████████████████████████████████████████████████████████████████████████████████████████████████████████████████████████████████████████████████████████████████████████| 166/166 [00:54<00:00,  3.04it/s]
Extracting prototype from PTM =>: 100%|█████████████████████████████████████████████████████████████████████████████████████████████████████████████████████████████████████████████████████████████████████████████████████████████████████████████| 166/166 [00:54<00:00,  3.06it/s]
Extracting prototype from PTM =>: 100%|█████████████████████████████████████████████████████████████████████████████████████████████████████████████████████████████████████████████████████████████████████████████████████████████████████████████| 166/166 [00:55<00:00,  3.00it/s]
Eval =>: 100%|██████████████████████████████████████████████████████████████████████████████████████████████████████████████████████████████████████████████████████████████████████████████████████████████████████████████████████████████████████| 234/234 [00:59<00:00,  3.92it/s]
[diag] Task correct: 80.06946299759551
[diag] Task acc: 87.790542345712
[diag-train] Task 6 official top-1 (all seen classes): 76.52
  [diag] task  6: A_sep= 90.48 A_route= 76.19 (R=79.61) A_merge= 77.23 A_tid= 87.05 A_fresh=75.0 overlap=0.324 barrier=0.0
[diag-train] Task 7/10 (classes 120-139) training ...
Task 7, Epoch 20/20 => Loss 0.476, Train_accy 87.46: 100%|████████████████████████████████████████████████████████████████████████████████████████████████████████████████████████████████████████████████████████████████████████████████████████████| 20/20 [06:09<00:00, 18.46s/it]
[diag] Task 7, Epoch 20/20 => Loss 0.476, Train_accy 87.46
[diag] Merge method: average
Extracting prototype from PTM =>: 100%|█████████████████████████████████████████████████████████████████████████████████████████████████████████████████████████████████████████████████████████████████████████████████████████████████████████████| 135/135 [00:09<00:00, 13.58it/s]
Extracting prototype from PTM =>: 100%|█████████████████████████████████████████████████████████████████████████████████████████████████████████████████████████████████████████████████████████████████████████████████████████████████████████████| 135/135 [00:37<00:00,  3.59it/s]
Extracting prototype from PTM =>: 100%|█████████████████████████████████████████████████████████████████████████████████████████████████████████████████████████████████████████████████████████████████████████████████████████████████████████████| 135/135 [00:10<00:00, 13.21it/s]
Extracting prototype from PTM =>: 100%|█████████████████████████████████████████████████████████████████████████████████████████████████████████████████████████████████████████████████████████████████████████████████████████████████████████████| 135/135 [00:51<00:00,  2.61it/s]
Extracting prototype from PTM =>: 100%|█████████████████████████████████████████████████████████████████████████████████████████████████████████████████████████████████████████████████████████████████████████████████████████████████████████████| 135/135 [00:10<00:00, 13.29it/s]
Extracting prototype from PTM =>: 100%|█████████████████████████████████████████████████████████████████████████████████████████████████████████████████████████████████████████████████████████████████████████████████████████████████████████████| 135/135 [00:51<00:00,  2.62it/s]
Extracting prototype from PTM =>: 100%|█████████████████████████████████████████████████████████████████████████████████████████████████████████████████████████████████████████████████████████████████████████████████████████████████████████████| 135/135 [00:10<00:00, 13.05it/s]
Eval =>: 100%|██████████████████████████████████████████████████████████████████████████████████████████████████████████████████████████████████████████████████████████████████████████████████████████████████████████████████████████████████████| 269/269 [01:44<00:00,  2.57it/s]
[diag] Task correct: 78.58308086693079
[diag] Task acc: 87.85830808669307
[diag-train] Task 7 official top-1 (all seen classes): 75.37
  [diag] task  7: A_sep= 90.15 A_route= 77.74 (R=80.29) A_merge= 80.47 A_tid= 88.32 A_fresh=78.1 overlap=0.335 barrier=0.0
[diag-train] Task 8/10 (classes 140-159) training ...
Task 8, Epoch 20/20 => Loss 0.465, Train_accy 88.08: 100%|████████████████████████████████████████████████████████████████████████████████████████████████████████████████████████████████████████████████████████████████████████████████████████████| 20/20 [08:07<00:00, 24.36s/it]
[diag] Task 8, Epoch 20/20 => Loss 0.465, Train_accy 88.08
[diag] Merge method: average
Extracting prototype from PTM =>: 100%|█████████████████████████████████████████████████████████████████████████████████████████████████████████████████████████████████████████████████████████████████████████████████████████████████████████████| 177/177 [00:13<00:00, 13.34it/s]
Extracting prototype from PTM =>: 100%|█████████████████████████████████████████████████████████████████████████████████████████████████████████████████████████████████████████████████████████████████████████████████████████████████████████████| 177/177 [00:38<00:00,  4.56it/s]
Extracting prototype from PTM =>: 100%|█████████████████████████████████████████████████████████████████████████████████████████████████████████████████████████████████████████████████████████████████████████████████████████████████████████████| 177/177 [00:55<00:00,  3.16it/s]
Extracting prototype from PTM =>: 100%|█████████████████████████████████████████████████████████████████████████████████████████████████████████████████████████████████████████████████████████████████████████████████████████████████████████████| 177/177 [00:13<00:00, 13.54it/s]
Extracting prototype from PTM =>: 100%|█████████████████████████████████████████████████████████████████████████████████████████████████████████████████████████████████████████████████████████████████████████████████████████████████████████████| 177/177 [00:53<00:00,  3.31it/s]
Extracting prototype from PTM =>: 100%|█████████████████████████████████████████████████████████████████████████████████████████████████████████████████████████████████████████████████████████████████████████████████████████████████████████████| 177/177 [00:56<00:00,  3.14it/s]
Extracting prototype from PTM =>: 100%|█████████████████████████████████████████████████████████████████████████████████████████████████████████████████████████████████████████████████████████████████████████████████████████████████████████████| 177/177 [00:42<00:00,  4.21it/s]
Extracting prototype from PTM =>: 100%|█████████████████████████████████████████████████████████████████████████████████████████████████████████████████████████████████████████████████████████████████████████████████████████████████████████████| 177/177 [00:13<00:00, 13.42it/s]
Eval =>: 100%|██████████████████████████████████████████████████████████████████████████████████████████████████████████████████████████████████████████████████████████████████████████████████████████████████████████████████████████████████████| 314/314 [00:24<00:00, 13.08it/s]
[diag] Task correct: 77.6202834897185
[diag] Task acc: 88.10141744859253
[diag-train] Task 8 official top-1 (all seen classes): 74.69
  [diag] task  8: A_sep= 93.45 A_route= 80.08 (R=82.03) A_merge= 78.83 A_tid= 89.55 A_fresh=77.02 overlap=0.324 barrier=0.0
[diag-train] Task 9/10 (classes 160-179) training ...
Task 9, Epoch 20/20 => Loss 0.499, Train_accy 86.85: 100%|████████████████████████████████████████████████████████████████████████████████████████████████████████████████████████████████████████████████████████████████████████████████████████████| 20/20 [05:38<00:00, 16.91s/it]
[diag] Task 9, Epoch 20/20 => Loss 0.499, Train_accy 86.85
[diag] Merge method: average
Extracting prototype from PTM =>: 100%|█████████████████████████████████████████████████████████████████████████████████████████████████████████████████████████████████████████████████████████████████████████████████████████████████████████████| 121/121 [00:09<00:00, 12.82it/s]
Extracting prototype from PTM =>: 100%|█████████████████████████████████████████████████████████████████████████████████████████████████████████████████████████████████████████████████████████████████████████████████████████████████████████████| 121/121 [00:09<00:00, 12.97it/s]
Extracting prototype from PTM =>: 100%|█████████████████████████████████████████████████████████████████████████████████████████████████████████████████████████████████████████████████████████████████████████████████████████████████████████████| 121/121 [00:09<00:00, 12.95it/s]
Extracting prototype from PTM =>: 100%|█████████████████████████████████████████████████████████████████████████████████████████████████████████████████████████████████████████████████████████████████████████████████████████████████████████████| 121/121 [00:50<00:00,  2.39it/s]
Extracting prototype from PTM =>: 100%|█████████████████████████████████████████████████████████████████████████████████████████████████████████████████████████████████████████████████████████████████████████████████████████████████████████████| 121/121 [00:09<00:00, 12.46it/s]
Extracting prototype from PTM =>: 100%|█████████████████████████████████████████████████████████████████████████████████████████████████████████████████████████████████████████████████████████████████████████████████████████████████████████████| 121/121 [00:50<00:00,  2.38it/s]
Extracting prototype from PTM =>: 100%|█████████████████████████████████████████████████████████████████████████████████████████████████████████████████████████████████████████████████████████████████████████████████████████████████████████████| 121/121 [00:09<00:00, 12.70it/s]
Extracting prototype from PTM =>: 100%|█████████████████████████████████████████████████████████████████████████████████████████████████████████████████████████████████████████████████████████████████████████████████████████████████████████████| 121/121 [00:50<00:00,  2.38it/s]
Extracting prototype from PTM =>: 100%|█████████████████████████████████████████████████████████████████████████████████████████████████████████████████████████████████████████████████████████████████████████████████████████████████████████████| 121/121 [00:09<00:00, 12.53it/s]
Eval =>: 100%|██████████████████████████████████████████████████████████████████████████████████████████████████████████████████████████████████████████████████████████████████████████████████████████████████████████████████████████████████████| 344/344 [01:49<00:00,  3.13it/s]
[diag] Task correct: 76.39469380337998
[diag] Task acc: 87.933854261312
[diag-train] Task 9 official top-1 (all seen classes): 73.67
  [diag] task  9: A_sep= 91.70 A_route= 77.13 (R=79.15) A_merge= 74.70 A_tid= 87.65 A_fresh=73.08 overlap=0.339 barrier=0.0
[diag-train] Task 10/10 (classes 180-199) training ...
Task 10, Epoch 20/20 => Loss 0.459, Train_accy 87.80: 100%|███████████████████████████████████████████████████████████████████████████████████████████████████████████████████████████████████████████████████████████████████████████████████████████| 20/20 [06:32<00:00, 19.62s/it]
[diag] Task 10, Epoch 20/20 => Loss 0.459, Train_accy 87.80
[diag] Merge method: average
Extracting prototype from PTM =>: 100%|█████████████████████████████████████████████████████████████████████████████████████████████████████████████████████████████████████████████████████████████████████████████████████████████████████████████| 142/142 [00:11<00:00, 12.45it/s]
Eval =>: 100%|██████████████████████████████████████████████████████████████████████████████████████████████████████████████████████████████████████████████████████████████████████████████████████████████████████████████████████████████████████| 381/381 [01:45<00:00,  3.61it/s]
[diag] Task correct: 75.30417625780993
[diag] Task acc: 88.09602104570865
[diag-train] Task 10 official top-1 (all seen classes): 72.99
  [diag] task 10: A_sep= 92.40 A_route= 76.68 (R=78.24) A_merge= 77.89 A_tid= 89.81 A_fresh=75.99 overlap=0.336 barrier=0.0

[diag] 快速检查(排除首任务):
  H1: corr(Δ_sep, task) = +0.902
  H2: corr(Δ_sep, overlap_cum) = +0.812
  H3: mean routing loss = 10.89, mean merge loss = 10.56

[diag] 结果已写入 diag_out/diag_results.csv
[diag] 下一步: python diag/plot.py --csv diag_out/diag_results.csv